// Jest Snapshot v1, https://goo.gl/fbAQLP

exports[`Home page matches snapshot 1`] = `
<DocumentFragment>
  Welcome to Expense Tracker App
</DocumentFragment>
`;
